2025-11-05 13:32:57 - ThesisRunner - INFO - Initializing SubnetPivotAnalyzer...
2025-11-05 13:32:57 - ThesisRunner - INFO - ThesisRunner initialized
2025-11-05 13:32:57 - ThesisRunner - INFO - Results directory: /home/treverknie/db-creator/thesis_results
2025-11-05 13:32:57 - ThesisRunner - INFO - Figures directory: /home/treverknie/db-creator/thesis_figures
2025-11-05 13:32:57 - ThesisRunner - INFO - ================================================================================
2025-11-05 13:32:57 - ThesisRunner - INFO - EXPLORING DATABASE
2025-11-05 13:32:57 - ThesisRunner - INFO - ================================================================================
2025-11-05 13:32:57 - ThesisRunner - INFO - ✓ Database exploration saved to thesis_results/database_exploration.json
2025-11-05 13:32:57 - ThesisRunner - ERROR - Database exploration failed: 'NoneType' object has no attribute 'get'
2025-11-05 13:38:09 - ThesisRunner - INFO - ================================================================================
2025-11-05 13:38:09 - ThesisRunner - INFO - EXPLORING DATABASE
2025-11-05 13:38:09 - ThesisRunner - INFO - ================================================================================
2025-11-05 13:40:06 - ThesisRunner - INFO - ✓ Database exploration saved to thesis_results/database_exploration.json
2025-11-05 13:40:06 - ThesisRunner - INFO -   - Nodes: N/A
2025-11-05 13:40:06 - ThesisRunner - INFO -   - Relationships: N/A
2025-11-05 13:40:06 - ThesisRunner - INFO -   - Subnets: 0
2025-11-05 13:40:06 - ThesisRunner - INFO - ✓ Database exploration completed in 116.7s
2025-11-05 13:45:25 - ThesisRunner - INFO - ================================================================================
2025-11-05 13:45:25 - ThesisRunner - INFO - ANALYZING ATTACK TACTICS
2025-11-05 13:45:25 - ThesisRunner - INFO - ================================================================================
2025-11-05 13:45:25 - ThesisRunner - INFO - Analyzing overall tactic distribution...
2025-11-05 13:45:31 - ThesisRunner - INFO -   none: 958,109 (50.46%)
2025-11-05 13:45:31 - ThesisRunner - INFO -   Credential Access: 871,188 (45.89%)
2025-11-05 13:45:31 - ThesisRunner - INFO -   Reconnaissance: 58,095 (3.06%)
2025-11-05 13:45:31 - ThesisRunner - INFO -   Defense Evasion: 6,048 (0.32%)
2025-11-05 13:45:31 - ThesisRunner - INFO -   Initial Access: 4,614 (0.24%)
2025-11-05 13:45:31 - ThesisRunner - INFO -   Exfiltration: 559 (0.03%)
2025-11-05 13:45:31 - ThesisRunner - INFO - Analyzing cross-subnet attacks...
2025-11-05 13:45:37 - ThesisRunner - INFO -   Credential Access: 871,188 attacks across subnets
2025-11-05 13:45:37 - ThesisRunner - INFO -   none: 238,472 attacks across subnets
2025-11-05 13:45:37 - ThesisRunner - INFO -   Reconnaissance: 58,095 attacks across subnets
2025-11-05 13:45:37 - ThesisRunner - INFO -   Defense Evasion: 6,048 attacks across subnets
2025-11-05 13:45:37 - ThesisRunner - INFO -   Initial Access: 4,614 attacks across subnets
2025-11-05 13:45:37 - ThesisRunner - INFO -   Exfiltration: 559 attacks across subnets
2025-11-05 13:45:37 - ThesisRunner - INFO - Analyzing techniques by tactic...
2025-11-05 13:45:45 - ThesisRunner - INFO -   none: 1 unique techniques
2025-11-05 13:45:45 - ThesisRunner - INFO -   Credential Access: 1 unique techniques
2025-11-05 13:45:45 - ThesisRunner - INFO -   Reconnaissance: 1 unique techniques
2025-11-05 13:45:45 - ThesisRunner - INFO -   Defense Evasion: 1 unique techniques
2025-11-05 13:45:45 - ThesisRunner - INFO -   Initial Access: 1 unique techniques
2025-11-05 13:45:45 - ThesisRunner - INFO - Comparing same-subnet vs cross-subnet attacks...
2025-11-05 13:45:52 - ThesisRunner - INFO -   Cross Subnet: 1,178,976 (62.10%)
2025-11-05 13:45:52 - ThesisRunner - INFO -   Same Subnet: 719,637 (37.90%)
2025-11-05 13:45:52 - ThesisRunner - INFO - Analyzing reconnaissance follow-up actions...
2025-11-05 13:53:39 - ThesisRunner - INFO - ✓ Tactics analysis saved to thesis_results/attack_tactics_analysis.json
2025-11-05 13:53:39 - ThesisRunner - INFO - ✓ Tactics analysis completed in 494.9s
2025-11-05 13:53:40 - ThesisRunner - INFO - ================================================================================
2025-11-05 13:53:40 - ThesisRunner - INFO - RUNNING QUICK PIVOT DETECTION TEST
2025-11-05 13:53:40 - ThesisRunner - INFO - ================================================================================
2025-11-05 13:53:40 - ThesisRunner - INFO - Configuration: dim=128, window=24h, max_events=10000
2025-11-05 13:53:41 - ThesisRunner - ERROR - Quick test failed: {neo4j_code: Neo.ClientError.Procedure.ProcedureCallFailed} {message: Failed to invoke procedure `gds.graph.project`: Caused by: java.lang.IllegalArgumentException: Node properties not found: 'subnet_id'} {gql_status: 52N37} {gql_status_description: error: procedure exception - procedure execution error. Execution of the procedure gds.graph.project() failed.}
2025-11-05 14:48:21 - ThesisRunner - INFO - ================================================================================
2025-11-05 14:48:21 - ThesisRunner - INFO - RUNNING WINDOW OPTIMIZATION EXPERIMENTS
2025-11-05 14:48:21 - ThesisRunner - INFO - ================================================================================
2025-11-05 14:48:21 - ThesisRunner - INFO - Testing 9 window configurations
2025-11-05 14:48:21 - ThesisRunner - INFO - 
[1/9] Testing: historical=12h, detection=12h
2025-11-05 14:51:58 - ThesisRunner - ERROR -   ✗ Configuration failed: 'set'
2025-11-05 14:51:58 - ThesisRunner - INFO - 
[2/9] Testing: historical=24h, detection=12h
2025-11-05 14:55:32 - ThesisRunner - ERROR -   ✗ Configuration failed: 'set'
2025-11-05 14:55:32 - ThesisRunner - INFO - 
[3/9] Testing: historical=48h, detection=12h
2025-11-05 14:59:04 - ThesisRunner - ERROR -   ✗ Configuration failed: 'set'
2025-11-05 14:59:04 - ThesisRunner - INFO - 
[4/9] Testing: historical=12h, detection=24h
2025-11-05 15:02:54 - ThesisRunner - ERROR -   ✗ Configuration failed: 'set'
2025-11-05 15:02:54 - ThesisRunner - INFO - 
[5/9] Testing: historical=24h, detection=24h
2025-11-05 15:06:46 - ThesisRunner - ERROR -   ✗ Configuration failed: 'set'
2025-11-05 15:06:46 - ThesisRunner - INFO - 
[6/9] Testing: historical=48h, detection=24h
2025-11-05 15:10:42 - ThesisRunner - ERROR -   ✗ Configuration failed: 'set'
2025-11-05 15:10:42 - ThesisRunner - INFO - 
[7/9] Testing: historical=12h, detection=48h
2025-11-05 15:15:12 - ThesisRunner - ERROR -   ✗ Configuration failed: 'set'
2025-11-05 15:15:12 - ThesisRunner - INFO - 
[8/9] Testing: historical=24h, detection=48h
2025-11-05 15:19:42 - ThesisRunner - ERROR -   ✗ Configuration failed: 'set'
2025-11-05 15:19:42 - ThesisRunner - INFO - 
[9/9] Testing: historical=48h, detection=48h
2025-11-05 15:24:19 - ThesisRunner - ERROR -   ✗ Configuration failed: 'set'
2025-11-05 15:24:19 - ThesisRunner - INFO - 
✓ Window optimization completed
2025-11-05 15:24:19 - ThesisRunner - INFO - ✓ Results saved to thesis_results/window_optimization_results.csv
2025-11-05 15:30:31 - ThesisRunner - INFO - ================================================================================
2025-11-05 15:30:31 - ThesisRunner - INFO - GENERATING FINAL THESIS RESULTS
2025-11-05 15:30:31 - ThesisRunner - INFO - ================================================================================
2025-11-05 15:30:31 - ThesisRunner - INFO - 
--- LABEL-AWARE ANALYSIS ---
2025-11-05 15:34:25 - ThesisRunner - ERROR - Label-aware analysis failed: 'set'
2025-11-05 16:39:11 - ThesisRunner - INFO - Initializing SubnetPivotAnalyzer...
2025-11-05 16:39:11 - ThesisRunner - INFO - ThesisRunner initialized
2025-11-05 16:39:11 - ThesisRunner - INFO - Results directory: /home/treverknie/db-creator/thesis_results
2025-11-05 16:39:11 - ThesisRunner - INFO - Figures directory: /home/treverknie/db-creator/thesis_figures
2025-11-05 16:39:11 - ThesisRunner - INFO - ================================================================================
2025-11-05 16:39:11 - ThesisRunner - INFO - EXPLORING DATABASE
2025-11-05 16:39:11 - ThesisRunner - INFO - ================================================================================
2025-11-05 16:41:44 - ThesisRunner - INFO - ✓ Database exploration saved to thesis_results/database_exploration.json
2025-11-05 16:41:44 - ThesisRunner - INFO -   - Nodes: N/A
2025-11-05 16:41:44 - ThesisRunner - INFO -   - Relationships: N/A
2025-11-05 16:41:44 - ThesisRunner - INFO -   - Subnets: 0
2025-11-05 16:41:44 - ThesisRunner - INFO - ✓ Database exploration completed in 152.4s
2025-11-05 16:41:44 - ThesisRunner - INFO - ================================================================================
2025-11-05 16:41:44 - ThesisRunner - INFO - ANALYZING ATTACK TACTICS
2025-11-05 16:41:44 - ThesisRunner - INFO - ================================================================================
2025-11-05 16:41:44 - ThesisRunner - INFO - Analyzing overall tactic distribution...
2025-11-05 16:41:52 - ThesisRunner - INFO -   none: 958,109 (50.46%)
2025-11-05 16:41:52 - ThesisRunner - INFO -   Credential Access: 871,188 (45.89%)
2025-11-05 16:41:52 - ThesisRunner - INFO -   Reconnaissance: 58,095 (3.06%)
2025-11-05 16:41:52 - ThesisRunner - INFO -   Defense Evasion: 6,048 (0.32%)
2025-11-05 16:41:52 - ThesisRunner - INFO -   Initial Access: 4,614 (0.24%)
2025-11-05 16:41:52 - ThesisRunner - INFO -   Exfiltration: 559 (0.03%)
2025-11-05 16:41:52 - ThesisRunner - INFO - Analyzing cross-subnet attacks...
2025-11-05 16:41:58 - ThesisRunner - INFO -   Credential Access: 871,188 attacks across subnets
2025-11-05 16:41:58 - ThesisRunner - INFO -   none: 238,472 attacks across subnets
2025-11-05 16:41:58 - ThesisRunner - INFO -   Reconnaissance: 58,095 attacks across subnets
2025-11-05 16:41:58 - ThesisRunner - INFO -   Defense Evasion: 6,048 attacks across subnets
2025-11-05 16:41:58 - ThesisRunner - INFO -   Initial Access: 4,614 attacks across subnets
2025-11-05 16:41:58 - ThesisRunner - INFO -   Exfiltration: 559 attacks across subnets
2025-11-05 16:41:58 - ThesisRunner - INFO - Analyzing techniques by tactic...
2025-11-05 16:42:07 - ThesisRunner - INFO -   none: 1 unique techniques
2025-11-05 16:42:07 - ThesisRunner - INFO -   Credential Access: 1 unique techniques
2025-11-05 16:42:07 - ThesisRunner - INFO -   Reconnaissance: 1 unique techniques
2025-11-05 16:42:07 - ThesisRunner - INFO -   Defense Evasion: 1 unique techniques
2025-11-05 16:42:07 - ThesisRunner - INFO -   Initial Access: 1 unique techniques
2025-11-05 16:42:07 - ThesisRunner - INFO - Comparing same-subnet vs cross-subnet attacks...
2025-11-05 16:42:14 - ThesisRunner - INFO -   Cross Subnet: 1,178,976 (62.10%)
2025-11-05 16:42:14 - ThesisRunner - INFO -   Same Subnet: 719,637 (37.90%)
2025-11-05 16:42:14 - ThesisRunner - INFO - Analyzing reconnaissance follow-up actions...
2025-11-05 16:51:27 - ThesisRunner - INFO - ✓ Tactics analysis saved to thesis_results/attack_tactics_analysis.json
2025-11-05 16:51:27 - ThesisRunner - INFO - ✓ Tactics analysis completed in 583.4s
2025-11-05 16:51:28 - ThesisRunner - INFO - ================================================================================
2025-11-05 16:51:28 - ThesisRunner - INFO - RUNNING QUICK PIVOT DETECTION TEST
2025-11-05 16:51:28 - ThesisRunner - INFO - ================================================================================
2025-11-05 16:51:28 - ThesisRunner - INFO - Configuration: dim=128, window=24h, max_events=10000
2025-11-05 16:51:29 - ThesisRunner - ERROR - Quick test failed: {neo4j_code: Neo.ClientError.Procedure.ProcedureCallFailed} {message: Failed to invoke procedure `gds.graph.project`: Caused by: java.lang.IllegalArgumentException: Node properties not found: 'subnet_id'} {gql_status: 52N37} {gql_status_description: error: procedure exception - procedure execution error. Execution of the procedure gds.graph.project() failed.}
2025-11-05 17:10:25 - ThesisRunner - INFO - ================================================================================
2025-11-05 17:10:25 - ThesisRunner - INFO - RUNNING WINDOW OPTIMIZATION EXPERIMENTS
2025-11-05 17:10:25 - ThesisRunner - INFO - ================================================================================
2025-11-05 17:10:25 - ThesisRunner - INFO - Testing 9 window configurations
2025-11-05 17:10:25 - ThesisRunner - INFO - 
[1/9] Testing: historical=12h, detection=12h
2025-11-05 17:14:03 - ThesisRunner - ERROR -   ✗ Configuration failed: 'set'
2025-11-05 17:14:03 - ThesisRunner - INFO - 
[2/9] Testing: historical=24h, detection=12h
2025-11-05 17:17:37 - ThesisRunner - ERROR -   ✗ Configuration failed: 'set'
2025-11-05 17:17:37 - ThesisRunner - INFO - 
[3/9] Testing: historical=48h, detection=12h
2025-11-05 17:21:14 - ThesisRunner - ERROR -   ✗ Configuration failed: 'set'
2025-11-05 17:21:14 - ThesisRunner - INFO - 
[4/9] Testing: historical=12h, detection=24h
2025-11-05 17:25:11 - ThesisRunner - ERROR -   ✗ Configuration failed: 'set'
2025-11-05 17:25:11 - ThesisRunner - INFO - 
[5/9] Testing: historical=24h, detection=24h
2025-11-05 17:29:05 - ThesisRunner - ERROR -   ✗ Configuration failed: 'set'
2025-11-05 17:29:05 - ThesisRunner - INFO - 
[6/9] Testing: historical=48h, detection=24h
2025-11-05 17:33:02 - ThesisRunner - ERROR -   ✗ Configuration failed: 'set'
2025-11-05 17:33:02 - ThesisRunner - INFO - 
[7/9] Testing: historical=12h, detection=48h
2025-11-05 17:37:37 - ThesisRunner - ERROR -   ✗ Configuration failed: 'set'
2025-11-05 17:37:37 - ThesisRunner - INFO - 
[8/9] Testing: historical=24h, detection=48h
2025-11-05 17:42:11 - ThesisRunner - ERROR -   ✗ Configuration failed: 'set'
2025-11-05 17:42:11 - ThesisRunner - INFO - 
[9/9] Testing: historical=48h, detection=48h
2025-11-05 17:46:45 - ThesisRunner - ERROR -   ✗ Configuration failed: 'set'
2025-11-05 17:46:45 - ThesisRunner - INFO - 
✓ Window optimization completed
2025-11-05 17:46:45 - ThesisRunner - INFO - ✓ Results saved to thesis_results/window_optimization_results.csv
