2025-10-30 15:42:52 - ThesisRunner - INFO - Initializing SubnetPivotAnalyzer...
2025-10-30 15:42:52 - ThesisRunner - INFO - ThesisRunner initialized
2025-10-30 15:42:52 - ThesisRunner - INFO - Results directory: /Users/treverknie/Desktop/UWF-Repos/db-creator/thesis_results
2025-10-30 15:42:52 - ThesisRunner - INFO - Figures directory: /Users/treverknie/Desktop/UWF-Repos/db-creator/thesis_figures
2025-10-30 15:42:52 - ThesisRunner - INFO - ================================================================================
2025-10-30 15:42:52 - ThesisRunner - INFO - EXPLORING DATABASE
2025-10-30 15:42:52 - ThesisRunner - INFO - ================================================================================
2025-10-30 15:45:29 - ThesisRunner - INFO - ✓ Database exploration saved to thesis_results/database_exploration.json
2025-10-30 15:45:30 - ThesisRunner - INFO -   - Nodes: N/A
2025-10-30 15:45:30 - ThesisRunner - INFO -   - Relationships: N/A
2025-10-30 15:45:30 - ThesisRunner - INFO -   - Subnets: 0
2025-10-30 15:45:30 - ThesisRunner - INFO - ✓ Database exploration completed in 157.6s
2025-10-30 15:45:30 - ThesisRunner - INFO - ================================================================================
2025-10-30 15:45:30 - ThesisRunner - INFO - ANALYZING ATTACK TACTICS
2025-10-30 15:45:30 - ThesisRunner - INFO - ================================================================================
2025-10-30 15:45:30 - ThesisRunner - INFO - Analyzing overall tactic distribution...
2025-10-30 15:45:38 - ThesisRunner - INFO -   none: 958,109 (50.46%)
2025-10-30 15:45:38 - ThesisRunner - INFO -   Credential Access: 871,188 (45.89%)
2025-10-30 15:45:38 - ThesisRunner - INFO -   Reconnaissance: 58,095 (3.06%)
2025-10-30 15:45:38 - ThesisRunner - INFO -   Defense Evasion: 6,048 (0.32%)
2025-10-30 15:45:38 - ThesisRunner - INFO -   Initial Access: 4,614 (0.24%)
2025-10-30 15:45:38 - ThesisRunner - INFO -   Exfiltration: 559 (0.03%)
2025-10-30 15:45:38 - ThesisRunner - INFO - Analyzing cross-subnet attacks...
2025-10-30 15:45:46 - ThesisRunner - INFO -   Credential Access: 871,188 attacks across subnets
2025-10-30 15:45:46 - ThesisRunner - INFO -   none: 238,472 attacks across subnets
2025-10-30 15:45:46 - ThesisRunner - INFO -   Reconnaissance: 58,095 attacks across subnets
2025-10-30 15:45:46 - ThesisRunner - INFO -   Defense Evasion: 6,048 attacks across subnets
2025-10-30 15:45:46 - ThesisRunner - INFO -   Initial Access: 4,614 attacks across subnets
2025-10-30 15:45:46 - ThesisRunner - INFO -   Exfiltration: 559 attacks across subnets
2025-10-30 15:45:46 - ThesisRunner - INFO - Analyzing techniques by tactic...
2025-10-30 15:45:54 - ThesisRunner - INFO -   none: 1 unique techniques
2025-10-30 15:45:54 - ThesisRunner - INFO -   Credential Access: 1 unique techniques
2025-10-30 15:45:54 - ThesisRunner - INFO -   Reconnaissance: 1 unique techniques
2025-10-30 15:45:54 - ThesisRunner - INFO -   Defense Evasion: 1 unique techniques
2025-10-30 15:45:54 - ThesisRunner - INFO -   Initial Access: 1 unique techniques
2025-10-30 15:45:54 - ThesisRunner - INFO - Comparing same-subnet vs cross-subnet attacks...
2025-10-30 15:46:03 - ThesisRunner - INFO -   Cross Subnet: 1,178,976 (62.10%)
2025-10-30 15:46:03 - ThesisRunner - INFO -   Same Subnet: 719,637 (37.90%)
2025-10-30 15:46:03 - ThesisRunner - INFO - Analyzing reconnaissance follow-up actions...
2025-10-30 15:55:12 - ThesisRunner - INFO - ✓ Tactics analysis saved to thesis_results/attack_tactics_analysis.json
2025-10-30 15:55:12 - ThesisRunner - INFO - ✓ Tactics analysis completed in 582.4s
2025-10-30 15:55:52 - ThesisRunner - INFO - ================================================================================
2025-10-30 15:55:53 - ThesisRunner - INFO - RUNNING QUICK PIVOT DETECTION TEST
2025-10-30 15:55:53 - ThesisRunner - INFO - ================================================================================
2025-10-30 15:55:53 - ThesisRunner - INFO - Configuration: dim=128, window=24h, max_events=10000
2025-10-30 15:55:53 - ThesisRunner - ERROR - Quick test failed: SubnetPivotAnalyzer.run_pivot_prediction() got an unexpected keyword argument 'graph_name'
2025-10-30 15:56:12 - ThesisRunner - INFO - ================================================================================
2025-10-30 15:56:12 - ThesisRunner - INFO - GENERATING FINAL THESIS RESULTS
2025-10-30 15:56:12 - ThesisRunner - INFO - ================================================================================
2025-10-30 15:56:12 - ThesisRunner - INFO - 
--- LABEL-AWARE ANALYSIS ---
2025-10-30 15:56:12 - ThesisRunner - ERROR - Label-aware analysis failed: SubnetPivotAnalyzer.run_pivot_prediction() got an unexpected keyword argument 'graph_name'
2025-10-30 15:56:55 - ThesisRunner - INFO - ================================================================================
2025-10-30 15:56:55 - ThesisRunner - INFO - RUNNING WINDOW OPTIMIZATION EXPERIMENTS
2025-10-30 15:56:55 - ThesisRunner - INFO - ================================================================================
2025-10-30 15:56:55 - ThesisRunner - INFO - Testing 9 window configurations
2025-10-30 15:56:55 - ThesisRunner - INFO - 
[1/9] Testing: historical=12h, detection=12h
2025-10-30 15:56:55 - ThesisRunner - ERROR -   ✗ Configuration failed: SubnetPivotAnalyzer.run_pivot_prediction() got an unexpected keyword argument 'graph_name'
2025-10-30 15:56:55 - ThesisRunner - INFO - 
[2/9] Testing: historical=24h, detection=12h
2025-10-30 15:56:55 - ThesisRunner - ERROR -   ✗ Configuration failed: SubnetPivotAnalyzer.run_pivot_prediction() got an unexpected keyword argument 'graph_name'
2025-10-30 15:56:55 - ThesisRunner - INFO - 
[3/9] Testing: historical=48h, detection=12h
2025-10-30 15:56:55 - ThesisRunner - ERROR -   ✗ Configuration failed: SubnetPivotAnalyzer.run_pivot_prediction() got an unexpected keyword argument 'graph_name'
2025-10-30 15:56:55 - ThesisRunner - INFO - 
[4/9] Testing: historical=12h, detection=24h
2025-10-30 15:56:55 - ThesisRunner - ERROR -   ✗ Configuration failed: SubnetPivotAnalyzer.run_pivot_prediction() got an unexpected keyword argument 'graph_name'
2025-10-30 15:56:55 - ThesisRunner - INFO - 
[5/9] Testing: historical=24h, detection=24h
2025-10-30 15:56:55 - ThesisRunner - ERROR -   ✗ Configuration failed: SubnetPivotAnalyzer.run_pivot_prediction() got an unexpected keyword argument 'graph_name'
2025-10-30 15:56:55 - ThesisRunner - INFO - 
[6/9] Testing: historical=48h, detection=24h
2025-10-30 15:56:55 - ThesisRunner - ERROR -   ✗ Configuration failed: SubnetPivotAnalyzer.run_pivot_prediction() got an unexpected keyword argument 'graph_name'
2025-10-30 15:56:55 - ThesisRunner - INFO - 
[7/9] Testing: historical=12h, detection=48h
2025-10-30 15:56:55 - ThesisRunner - ERROR -   ✗ Configuration failed: SubnetPivotAnalyzer.run_pivot_prediction() got an unexpected keyword argument 'graph_name'
2025-10-30 15:56:55 - ThesisRunner - INFO - 
[8/9] Testing: historical=24h, detection=48h
2025-10-30 15:56:55 - ThesisRunner - ERROR -   ✗ Configuration failed: SubnetPivotAnalyzer.run_pivot_prediction() got an unexpected keyword argument 'graph_name'
2025-10-30 15:56:55 - ThesisRunner - INFO - 
[9/9] Testing: historical=48h, detection=48h
2025-10-30 15:56:55 - ThesisRunner - ERROR -   ✗ Configuration failed: SubnetPivotAnalyzer.run_pivot_prediction() got an unexpected keyword argument 'graph_name'
2025-10-30 15:56:55 - ThesisRunner - INFO - 
✓ Window optimization completed
2025-10-30 15:56:55 - ThesisRunner - INFO - ✓ Results saved to thesis_results/window_optimization_results.csv
