2025-11-06 19:45:36 - ThesisRunner - INFO - Initializing SubnetPivotAnalyzer...
2025-11-06 19:45:36 - ThesisRunner - INFO - ThesisRunner initialized
2025-11-06 19:45:36 - ThesisRunner - INFO - Results directory: /home/treverknie/db-creator/thesis_results
2025-11-06 19:45:36 - ThesisRunner - INFO - Figures directory: /home/treverknie/db-creator/thesis_figures
2025-11-06 19:45:36 - ThesisRunner - INFO - ================================================================================
2025-11-06 19:45:36 - ThesisRunner - INFO - EXPLORING DATABASE
2025-11-06 19:45:36 - ThesisRunner - INFO - ================================================================================
2025-11-06 19:48:20 - ThesisRunner - INFO - ✓ Database exploration saved to thesis_results/database_exploration.json
2025-11-06 19:48:20 - ThesisRunner - INFO -   - Nodes: N/A
2025-11-06 19:48:20 - ThesisRunner - INFO -   - Relationships: N/A
2025-11-06 19:48:20 - ThesisRunner - INFO -   - Subnets: 0
2025-11-06 19:48:20 - ThesisRunner - INFO - ✓ Database exploration completed in 164.2s
2025-11-06 19:48:20 - ThesisRunner - INFO - ================================================================================
2025-11-06 19:48:20 - ThesisRunner - INFO - ANALYZING ATTACK TACTICS
2025-11-06 19:48:20 - ThesisRunner - INFO - ================================================================================
2025-11-06 19:48:21 - ThesisRunner - INFO - Analyzing overall tactic distribution...
2025-11-06 19:48:29 - ThesisRunner - INFO -   none: 958,109 (50.46%)
2025-11-06 19:48:29 - ThesisRunner - INFO -   Credential Access: 871,188 (45.89%)
2025-11-06 19:48:29 - ThesisRunner - INFO -   Reconnaissance: 58,095 (3.06%)
2025-11-06 19:48:29 - ThesisRunner - INFO -   Defense Evasion: 6,048 (0.32%)
2025-11-06 19:48:29 - ThesisRunner - INFO -   Initial Access: 4,614 (0.24%)
2025-11-06 19:48:29 - ThesisRunner - INFO -   Exfiltration: 559 (0.03%)
2025-11-06 19:48:29 - ThesisRunner - INFO - Analyzing cross-subnet attacks...
2025-11-06 19:48:37 - ThesisRunner - INFO -   Credential Access: 871,188 attacks across subnets
2025-11-06 19:48:37 - ThesisRunner - INFO -   none: 238,472 attacks across subnets
2025-11-06 19:48:37 - ThesisRunner - INFO -   Reconnaissance: 58,095 attacks across subnets
2025-11-06 19:48:37 - ThesisRunner - INFO -   Defense Evasion: 6,048 attacks across subnets
2025-11-06 19:48:37 - ThesisRunner - INFO -   Initial Access: 4,614 attacks across subnets
2025-11-06 19:48:37 - ThesisRunner - INFO -   Exfiltration: 559 attacks across subnets
2025-11-06 19:48:37 - ThesisRunner - INFO - Analyzing techniques by tactic...
2025-11-06 19:48:46 - ThesisRunner - INFO -   none: 1 unique techniques
2025-11-06 19:48:46 - ThesisRunner - INFO -   Credential Access: 1 unique techniques
2025-11-06 19:48:46 - ThesisRunner - INFO -   Reconnaissance: 1 unique techniques
2025-11-06 19:48:46 - ThesisRunner - INFO -   Defense Evasion: 1 unique techniques
2025-11-06 19:48:46 - ThesisRunner - INFO -   Initial Access: 1 unique techniques
2025-11-06 19:48:46 - ThesisRunner - INFO - Comparing same-subnet vs cross-subnet attacks...
2025-11-06 19:48:56 - ThesisRunner - INFO -   Cross Subnet: 1,178,976 (62.10%)
2025-11-06 19:48:56 - ThesisRunner - INFO -   Same Subnet: 719,637 (37.90%)
2025-11-06 19:48:56 - ThesisRunner - INFO - Analyzing reconnaissance follow-up actions...
