2025-11-04 15:00:58 - ThesisRunner - INFO - Initializing SubnetPivotAnalyzer...
2025-11-04 15:00:58 - ThesisRunner - INFO - ThesisRunner initialized
2025-11-04 15:00:58 - ThesisRunner - INFO - Results directory: /home/treverknie/db-creator/thesis_results
2025-11-04 15:00:58 - ThesisRunner - INFO - Figures directory: /home/treverknie/db-creator/thesis_figures
2025-11-04 15:00:58 - ThesisRunner - INFO - ================================================================================
2025-11-04 15:00:58 - ThesisRunner - INFO - EXPLORING DATABASE
2025-11-04 15:00:58 - ThesisRunner - INFO - ================================================================================
2025-11-04 15:01:40 - ThesisRunner - INFO - ✓ Database exploration saved to thesis_results/database_exploration.json
2025-11-04 15:01:40 - ThesisRunner - INFO -   - Nodes: N/A
2025-11-04 15:01:40 - ThesisRunner - INFO -   - Relationships: N/A
2025-11-04 15:01:40 - ThesisRunner - INFO -   - Subnets: 0
2025-11-04 15:01:40 - ThesisRunner - INFO - ✓ Database exploration completed in 41.3s
2025-11-04 15:01:40 - ThesisRunner - INFO - ================================================================================
2025-11-04 15:01:40 - ThesisRunner - INFO - ANALYZING ATTACK TACTICS
2025-11-04 15:01:40 - ThesisRunner - INFO - ================================================================================
2025-11-04 15:01:40 - ThesisRunner - INFO - Analyzing overall tactic distribution...
2025-11-04 15:01:47 - ThesisRunner - INFO -   none: 958,109 (50.46%)
2025-11-04 15:01:47 - ThesisRunner - INFO -   Credential Access: 871,188 (45.89%)
2025-11-04 15:01:47 - ThesisRunner - INFO -   Reconnaissance: 58,095 (3.06%)
2025-11-04 15:01:47 - ThesisRunner - INFO -   Defense Evasion: 6,048 (0.32%)
2025-11-04 15:01:47 - ThesisRunner - INFO -   Initial Access: 4,614 (0.24%)
2025-11-04 15:01:47 - ThesisRunner - INFO -   Exfiltration: 559 (0.03%)
2025-11-04 15:01:47 - ThesisRunner - INFO - Analyzing cross-subnet attacks...
2025-11-04 15:01:47 - ThesisRunner - INFO - Analyzing techniques by tactic...
2025-11-04 15:01:56 - ThesisRunner - INFO -   none: 1 unique techniques
2025-11-04 15:01:56 - ThesisRunner - INFO -   Credential Access: 1 unique techniques
2025-11-04 15:01:56 - ThesisRunner - INFO -   Reconnaissance: 1 unique techniques
2025-11-04 15:01:56 - ThesisRunner - INFO -   Defense Evasion: 1 unique techniques
2025-11-04 15:01:56 - ThesisRunner - INFO -   Initial Access: 1 unique techniques
2025-11-04 15:01:56 - ThesisRunner - INFO - Comparing same-subnet vs cross-subnet attacks...
2025-11-04 15:02:02 - ThesisRunner - INFO -   Cross Subnet: 1,898,613 (100.00%)
2025-11-04 15:02:02 - ThesisRunner - INFO - Analyzing reconnaissance follow-up actions...
2025-11-04 15:11:08 - ThesisRunner - INFO - ✓ Tactics analysis saved to thesis_results/attack_tactics_analysis.json
2025-11-04 15:11:08 - ThesisRunner - INFO - ✓ Tactics analysis completed in 568.5s
