2025-11-03 21:52:14 - ThesisRunner - INFO - Initializing SubnetPivotAnalyzer...
2025-11-03 21:52:14 - ThesisRunner - INFO - ThesisRunner initialized
2025-11-03 21:52:14 - ThesisRunner - INFO - Results directory: /home/treverknie/db-creator/thesis_results
2025-11-03 21:52:14 - ThesisRunner - INFO - Figures directory: /home/treverknie/db-creator/thesis_figures
2025-11-03 21:52:14 - ThesisRunner - INFO - ================================================================================
2025-11-03 21:52:14 - ThesisRunner - INFO - EXPLORING DATABASE
2025-11-03 21:52:14 - ThesisRunner - INFO - ================================================================================
2025-11-03 21:52:59 - ThesisRunner - INFO - ✓ Database exploration saved to thesis_results/database_exploration.json
2025-11-03 21:52:59 - ThesisRunner - INFO -   - Nodes: N/A
2025-11-03 21:52:59 - ThesisRunner - INFO -   - Relationships: N/A
2025-11-03 21:52:59 - ThesisRunner - INFO -   - Subnets: 0
2025-11-03 21:52:59 - ThesisRunner - INFO - ✓ Database exploration completed in 45.7s
2025-11-03 21:53:00 - ThesisRunner - INFO - ================================================================================
2025-11-03 21:53:00 - ThesisRunner - INFO - ANALYZING ATTACK TACTICS
2025-11-03 21:53:00 - ThesisRunner - INFO - ================================================================================
2025-11-03 21:53:00 - ThesisRunner - INFO - Analyzing overall tactic distribution...
2025-11-03 21:53:08 - ThesisRunner - INFO -   none: 958,109 (50.46%)
2025-11-03 21:53:08 - ThesisRunner - INFO -   Credential Access: 871,188 (45.89%)
2025-11-03 21:53:08 - ThesisRunner - INFO -   Reconnaissance: 58,095 (3.06%)
2025-11-03 21:53:08 - ThesisRunner - INFO -   Defense Evasion: 6,048 (0.32%)
2025-11-03 21:53:08 - ThesisRunner - INFO -   Initial Access: 4,614 (0.24%)
2025-11-03 21:53:08 - ThesisRunner - INFO -   Exfiltration: 559 (0.03%)
2025-11-03 21:53:08 - ThesisRunner - INFO - Analyzing cross-subnet attacks...
2025-11-03 21:53:08 - ThesisRunner - INFO - Analyzing techniques by tactic...
2025-11-03 21:53:17 - ThesisRunner - INFO -   none: 1 unique techniques
2025-11-03 21:53:17 - ThesisRunner - INFO -   Credential Access: 1 unique techniques
2025-11-03 21:53:17 - ThesisRunner - INFO -   Reconnaissance: 1 unique techniques
2025-11-03 21:53:17 - ThesisRunner - INFO -   Defense Evasion: 1 unique techniques
2025-11-03 21:53:17 - ThesisRunner - INFO -   Initial Access: 1 unique techniques
2025-11-03 21:53:17 - ThesisRunner - INFO - Comparing same-subnet vs cross-subnet attacks...
2025-11-03 21:53:24 - ThesisRunner - INFO -   Cross Subnet: 1,898,613 (100.00%)
2025-11-03 21:53:24 - ThesisRunner - INFO - Analyzing reconnaissance follow-up actions...
2025-11-03 22:03:05 - ThesisRunner - INFO - ✓ Tactics analysis saved to thesis_results/attack_tactics_analysis.json
2025-11-03 22:03:05 - ThesisRunner - INFO - ✓ Tactics analysis completed in 605.9s
2025-11-03 22:15:12 - ThesisRunner - INFO - ================================================================================
2025-11-03 22:15:12 - ThesisRunner - INFO - RUNNING QUICK PIVOT DETECTION TEST
2025-11-03 22:15:12 - ThesisRunner - INFO - ================================================================================
2025-11-03 22:15:12 - ThesisRunner - INFO - Configuration: dim=128, window=24h, max_events=10000
2025-11-03 22:15:13 - ThesisRunner - ERROR - Quick test failed: {neo4j_code: Neo.ClientError.Procedure.ProcedureCallFailed} {message: Failed to invoke procedure `gds.graph.project`: Caused by: java.lang.IllegalArgumentException: Node properties not found: 'subnet_id'} {gql_status: 52N37} {gql_status_description: error: procedure exception - procedure execution error. Execution of the procedure gds.graph.project() failed.}
2025-11-03 22:15:30 - ThesisRunner - INFO - ================================================================================
2025-11-03 22:15:30 - ThesisRunner - INFO - RUNNING WINDOW OPTIMIZATION EXPERIMENTS
2025-11-03 22:15:30 - ThesisRunner - INFO - ================================================================================
2025-11-03 22:15:30 - ThesisRunner - INFO - Testing 9 window configurations
2025-11-03 22:15:30 - ThesisRunner - INFO - 
[1/9] Testing: historical=12h, detection=12h
2025-11-03 22:15:30 - ThesisRunner - ERROR -   ✗ Configuration failed: {neo4j_code: Neo.ClientError.Procedure.ProcedureCallFailed} {message: Failed to invoke procedure `gds.graph.project`: Caused by: java.lang.IllegalArgumentException: Node properties not found: 'subnet_id'} {gql_status: 52N37} {gql_status_description: error: procedure exception - procedure execution error. Execution of the procedure gds.graph.project() failed.}
2025-11-03 22:15:30 - ThesisRunner - INFO - 
[2/9] Testing: historical=24h, detection=12h
2025-11-03 22:15:30 - ThesisRunner - ERROR -   ✗ Configuration failed: {neo4j_code: Neo.ClientError.Procedure.ProcedureCallFailed} {message: Failed to invoke procedure `gds.graph.project`: Caused by: java.lang.IllegalArgumentException: Node properties not found: 'subnet_id'} {gql_status: 52N37} {gql_status_description: error: procedure exception - procedure execution error. Execution of the procedure gds.graph.project() failed.}
2025-11-03 22:15:30 - ThesisRunner - INFO - 
[3/9] Testing: historical=48h, detection=12h
2025-11-03 22:15:30 - ThesisRunner - ERROR -   ✗ Configuration failed: {neo4j_code: Neo.ClientError.Procedure.ProcedureCallFailed} {message: Failed to invoke procedure `gds.graph.project`: Caused by: java.lang.IllegalArgumentException: Node properties not found: 'subnet_id'} {gql_status: 52N37} {gql_status_description: error: procedure exception - procedure execution error. Execution of the procedure gds.graph.project() failed.}
2025-11-03 22:15:30 - ThesisRunner - INFO - 
[4/9] Testing: historical=12h, detection=24h
2025-11-03 22:15:30 - ThesisRunner - ERROR -   ✗ Configuration failed: {neo4j_code: Neo.ClientError.Procedure.ProcedureCallFailed} {message: Failed to invoke procedure `gds.graph.project`: Caused by: java.lang.IllegalArgumentException: Node properties not found: 'subnet_id'} {gql_status: 52N37} {gql_status_description: error: procedure exception - procedure execution error. Execution of the procedure gds.graph.project() failed.}
2025-11-03 22:15:30 - ThesisRunner - INFO - 
[5/9] Testing: historical=24h, detection=24h
2025-11-03 22:15:30 - ThesisRunner - ERROR -   ✗ Configuration failed: {neo4j_code: Neo.ClientError.Procedure.ProcedureCallFailed} {message: Failed to invoke procedure `gds.graph.project`: Caused by: java.lang.IllegalArgumentException: Node properties not found: 'subnet_id'} {gql_status: 52N37} {gql_status_description: error: procedure exception - procedure execution error. Execution of the procedure gds.graph.project() failed.}
2025-11-03 22:15:30 - ThesisRunner - INFO - 
[6/9] Testing: historical=48h, detection=24h
2025-11-03 22:15:30 - ThesisRunner - ERROR -   ✗ Configuration failed: {neo4j_code: Neo.ClientError.Procedure.ProcedureCallFailed} {message: Failed to invoke procedure `gds.graph.project`: Caused by: java.lang.IllegalArgumentException: Node properties not found: 'subnet_id'} {gql_status: 52N37} {gql_status_description: error: procedure exception - procedure execution error. Execution of the procedure gds.graph.project() failed.}
2025-11-03 22:15:30 - ThesisRunner - INFO - 
[7/9] Testing: historical=12h, detection=48h
2025-11-03 22:15:30 - ThesisRunner - ERROR -   ✗ Configuration failed: {neo4j_code: Neo.ClientError.Procedure.ProcedureCallFailed} {message: Failed to invoke procedure `gds.graph.project`: Caused by: java.lang.IllegalArgumentException: Node properties not found: 'subnet_id'} {gql_status: 52N37} {gql_status_description: error: procedure exception - procedure execution error. Execution of the procedure gds.graph.project() failed.}
2025-11-03 22:15:30 - ThesisRunner - INFO - 
[8/9] Testing: historical=24h, detection=48h
2025-11-03 22:15:30 - ThesisRunner - ERROR -   ✗ Configuration failed: {neo4j_code: Neo.ClientError.Procedure.ProcedureCallFailed} {message: Failed to invoke procedure `gds.graph.project`: Caused by: java.lang.IllegalArgumentException: Node properties not found: 'subnet_id'} {gql_status: 52N37} {gql_status_description: error: procedure exception - procedure execution error. Execution of the procedure gds.graph.project() failed.}
2025-11-03 22:15:30 - ThesisRunner - INFO - 
[9/9] Testing: historical=48h, detection=48h
2025-11-03 22:15:30 - ThesisRunner - ERROR -   ✗ Configuration failed: {neo4j_code: Neo.ClientError.Procedure.ProcedureCallFailed} {message: Failed to invoke procedure `gds.graph.project`: Caused by: java.lang.IllegalArgumentException: Node properties not found: 'subnet_id'} {gql_status: 52N37} {gql_status_description: error: procedure exception - procedure execution error. Execution of the procedure gds.graph.project() failed.}
2025-11-03 22:15:30 - ThesisRunner - INFO - 
✓ Window optimization completed
2025-11-03 22:15:30 - ThesisRunner - INFO - ✓ Results saved to thesis_results/window_optimization_results.csv
2025-11-03 22:15:38 - ThesisRunner - INFO - ================================================================================
2025-11-03 22:15:38 - ThesisRunner - INFO - RUNNING WINDOW OPTIMIZATION EXPERIMENTS
2025-11-03 22:15:38 - ThesisRunner - INFO - ================================================================================
2025-11-03 22:15:38 - ThesisRunner - INFO - Testing 9 window configurations
2025-11-03 22:15:38 - ThesisRunner - INFO - 
[1/9] Testing: historical=12h, detection=12h
2025-11-03 22:15:38 - ThesisRunner - ERROR -   ✗ Configuration failed: {neo4j_code: Neo.ClientError.Procedure.ProcedureCallFailed} {message: Failed to invoke procedure `gds.graph.project`: Caused by: java.lang.IllegalArgumentException: Node properties not found: 'subnet_id'} {gql_status: 52N37} {gql_status_description: error: procedure exception - procedure execution error. Execution of the procedure gds.graph.project() failed.}
2025-11-03 22:15:38 - ThesisRunner - INFO - 
[2/9] Testing: historical=24h, detection=12h
2025-11-03 22:15:38 - ThesisRunner - ERROR -   ✗ Configuration failed: {neo4j_code: Neo.ClientError.Procedure.ProcedureCallFailed} {message: Failed to invoke procedure `gds.graph.project`: Caused by: java.lang.IllegalArgumentException: Node properties not found: 'subnet_id'} {gql_status: 52N37} {gql_status_description: error: procedure exception - procedure execution error. Execution of the procedure gds.graph.project() failed.}
2025-11-03 22:15:38 - ThesisRunner - INFO - 
[3/9] Testing: historical=48h, detection=12h
2025-11-03 22:15:38 - ThesisRunner - ERROR -   ✗ Configuration failed: {neo4j_code: Neo.ClientError.Procedure.ProcedureCallFailed} {message: Failed to invoke procedure `gds.graph.project`: Caused by: java.lang.IllegalArgumentException: Node properties not found: 'subnet_id'} {gql_status: 52N37} {gql_status_description: error: procedure exception - procedure execution error. Execution of the procedure gds.graph.project() failed.}
2025-11-03 22:15:38 - ThesisRunner - INFO - 
[4/9] Testing: historical=12h, detection=24h
2025-11-03 22:15:38 - ThesisRunner - ERROR -   ✗ Configuration failed: {neo4j_code: Neo.ClientError.Procedure.ProcedureCallFailed} {message: Failed to invoke procedure `gds.graph.project`: Caused by: java.lang.IllegalArgumentException: Node properties not found: 'subnet_id'} {gql_status: 52N37} {gql_status_description: error: procedure exception - procedure execution error. Execution of the procedure gds.graph.project() failed.}
2025-11-03 22:15:38 - ThesisRunner - INFO - 
[5/9] Testing: historical=24h, detection=24h
2025-11-03 22:15:38 - ThesisRunner - ERROR -   ✗ Configuration failed: {neo4j_code: Neo.ClientError.Procedure.ProcedureCallFailed} {message: Failed to invoke procedure `gds.graph.project`: Caused by: java.lang.IllegalArgumentException: Node properties not found: 'subnet_id'} {gql_status: 52N37} {gql_status_description: error: procedure exception - procedure execution error. Execution of the procedure gds.graph.project() failed.}
2025-11-03 22:15:38 - ThesisRunner - INFO - 
[6/9] Testing: historical=48h, detection=24h
2025-11-03 22:15:38 - ThesisRunner - ERROR -   ✗ Configuration failed: {neo4j_code: Neo.ClientError.Procedure.ProcedureCallFailed} {message: Failed to invoke procedure `gds.graph.project`: Caused by: java.lang.IllegalArgumentException: Node properties not found: 'subnet_id'} {gql_status: 52N37} {gql_status_description: error: procedure exception - procedure execution error. Execution of the procedure gds.graph.project() failed.}
2025-11-03 22:15:38 - ThesisRunner - INFO - 
[7/9] Testing: historical=12h, detection=48h
2025-11-03 22:15:38 - ThesisRunner - ERROR -   ✗ Configuration failed: {neo4j_code: Neo.ClientError.Procedure.ProcedureCallFailed} {message: Failed to invoke procedure `gds.graph.project`: Caused by: java.lang.IllegalArgumentException: Node properties not found: 'subnet_id'} {gql_status: 52N37} {gql_status_description: error: procedure exception - procedure execution error. Execution of the procedure gds.graph.project() failed.}
2025-11-03 22:15:38 - ThesisRunner - INFO - 
[8/9] Testing: historical=24h, detection=48h
2025-11-03 22:15:38 - ThesisRunner - ERROR -   ✗ Configuration failed: {neo4j_code: Neo.ClientError.Procedure.ProcedureCallFailed} {message: Failed to invoke procedure `gds.graph.project`: Caused by: java.lang.IllegalArgumentException: Node properties not found: 'subnet_id'} {gql_status: 52N37} {gql_status_description: error: procedure exception - procedure execution error. Execution of the procedure gds.graph.project() failed.}
2025-11-03 22:15:38 - ThesisRunner - INFO - 
[9/9] Testing: historical=48h, detection=48h
2025-11-03 22:15:38 - ThesisRunner - ERROR -   ✗ Configuration failed: {neo4j_code: Neo.ClientError.Procedure.ProcedureCallFailed} {message: Failed to invoke procedure `gds.graph.project`: Caused by: java.lang.IllegalArgumentException: Node properties not found: 'subnet_id'} {gql_status: 52N37} {gql_status_description: error: procedure exception - procedure execution error. Execution of the procedure gds.graph.project() failed.}
2025-11-03 22:15:38 - ThesisRunner - INFO - 
✓ Window optimization completed
2025-11-03 22:15:38 - ThesisRunner - INFO - ✓ Results saved to thesis_results/window_optimization_results.csv
2025-11-03 22:15:48 - ThesisRunner - INFO - ================================================================================
2025-11-03 22:15:48 - ThesisRunner - INFO - GENERATING FINAL THESIS RESULTS
2025-11-03 22:15:48 - ThesisRunner - INFO - ================================================================================
2025-11-03 22:15:48 - ThesisRunner - INFO - 
--- LABEL-AWARE ANALYSIS ---
2025-11-03 22:15:48 - ThesisRunner - ERROR - Label-aware analysis failed: {neo4j_code: Neo.ClientError.Procedure.ProcedureCallFailed} {message: Failed to invoke procedure `gds.graph.project`: Caused by: java.lang.IllegalArgumentException: Node properties not found: 'subnet_id'} {gql_status: 52N37} {gql_status_description: error: procedure exception - procedure execution error. Execution of the procedure gds.graph.project() failed.}
