2025-10-30 15:59:47 - ThesisRunner - INFO - Initializing SubnetPivotAnalyzer...
2025-10-30 15:59:47 - ThesisRunner - INFO - ThesisRunner initialized
2025-10-30 15:59:47 - ThesisRunner - INFO - Results directory: /Users/treverknie/Desktop/UWF-Repos/db-creator/thesis_results
2025-10-30 15:59:47 - ThesisRunner - INFO - Figures directory: /Users/treverknie/Desktop/UWF-Repos/db-creator/thesis_figures
2025-10-30 15:59:47 - ThesisRunner - INFO - ================================================================================
2025-10-30 15:59:47 - ThesisRunner - INFO - EXPLORING DATABASE
2025-10-30 15:59:47 - ThesisRunner - INFO - ================================================================================
2025-10-30 16:02:31 - ThesisRunner - INFO - ✓ Database exploration saved to thesis_results/database_exploration.json
2025-10-30 16:02:31 - ThesisRunner - INFO -   - Nodes: N/A
2025-10-30 16:02:31 - ThesisRunner - INFO -   - Relationships: N/A
2025-10-30 16:02:31 - ThesisRunner - INFO -   - Subnets: 0
2025-10-30 16:02:31 - ThesisRunner - INFO - ✓ Database exploration completed in 163.4s
2025-10-30 16:02:31 - ThesisRunner - INFO - ================================================================================
2025-10-30 16:02:31 - ThesisRunner - INFO - ANALYZING ATTACK TACTICS
2025-10-30 16:02:31 - ThesisRunner - INFO - ================================================================================
2025-10-30 16:02:31 - ThesisRunner - INFO - Analyzing overall tactic distribution...
2025-10-30 16:02:39 - ThesisRunner - INFO -   none: 958,109 (50.46%)
2025-10-30 16:02:39 - ThesisRunner - INFO -   Credential Access: 871,188 (45.89%)
2025-10-30 16:02:39 - ThesisRunner - INFO -   Reconnaissance: 58,095 (3.06%)
2025-10-30 16:02:39 - ThesisRunner - INFO -   Defense Evasion: 6,048 (0.32%)
2025-10-30 16:02:39 - ThesisRunner - INFO -   Initial Access: 4,614 (0.24%)
2025-10-30 16:02:39 - ThesisRunner - INFO -   Exfiltration: 559 (0.03%)
2025-10-30 16:02:39 - ThesisRunner - INFO - Analyzing cross-subnet attacks...
2025-10-30 16:02:46 - ThesisRunner - INFO -   Credential Access: 871,188 attacks across subnets
2025-10-30 16:02:46 - ThesisRunner - INFO -   none: 238,472 attacks across subnets
2025-10-30 16:02:46 - ThesisRunner - INFO -   Reconnaissance: 58,095 attacks across subnets
2025-10-30 16:02:46 - ThesisRunner - INFO -   Defense Evasion: 6,048 attacks across subnets
2025-10-30 16:02:46 - ThesisRunner - INFO -   Initial Access: 4,614 attacks across subnets
2025-10-30 16:02:46 - ThesisRunner - INFO -   Exfiltration: 559 attacks across subnets
2025-10-30 16:02:46 - ThesisRunner - INFO - Analyzing techniques by tactic...
2025-10-30 16:02:56 - ThesisRunner - INFO -   none: 1 unique techniques
2025-10-30 16:02:56 - ThesisRunner - INFO -   Credential Access: 1 unique techniques
2025-10-30 16:02:56 - ThesisRunner - INFO -   Reconnaissance: 1 unique techniques
2025-10-30 16:02:56 - ThesisRunner - INFO -   Defense Evasion: 1 unique techniques
2025-10-30 16:02:56 - ThesisRunner - INFO -   Initial Access: 1 unique techniques
2025-10-30 16:02:56 - ThesisRunner - INFO - Comparing same-subnet vs cross-subnet attacks...
2025-10-30 16:03:04 - ThesisRunner - INFO -   Cross Subnet: 1,178,976 (62.10%)
2025-10-30 16:03:04 - ThesisRunner - INFO -   Same Subnet: 719,637 (37.90%)
2025-10-30 16:03:04 - ThesisRunner - INFO - Analyzing reconnaissance follow-up actions...
2025-10-30 16:13:11 - ThesisRunner - INFO - ✓ Tactics analysis saved to thesis_results/attack_tactics_analysis.json
2025-10-30 16:13:11 - ThesisRunner - INFO - ✓ Tactics analysis completed in 640.2s
2025-10-30 16:13:14 - ThesisRunner - INFO - ================================================================================
2025-10-30 16:13:14 - ThesisRunner - INFO - RUNNING QUICK PIVOT DETECTION TEST
2025-10-30 16:13:14 - ThesisRunner - INFO - ================================================================================
2025-10-30 16:13:14 - ThesisRunner - INFO - Configuration: dim=128, window=24h, max_events=10000
2025-10-30 16:18:07 - ThesisRunner - ERROR - Quick test failed: 'NoneType' object is not subscriptable
2025-10-30 20:26:30 - ThesisRunner - INFO - ================================================================================
2025-10-30 20:26:30 - ThesisRunner - INFO - RUNNING WINDOW OPTIMIZATION EXPERIMENTS
2025-10-30 20:26:30 - ThesisRunner - INFO - ================================================================================
2025-10-30 20:26:30 - ThesisRunner - INFO - Testing 9 window configurations
2025-10-30 20:26:30 - ThesisRunner - INFO - 
[1/9] Testing: historical=12h, detection=12h
2025-10-30 20:31:30 - ThesisRunner - ERROR -   ✗ Configuration failed: 'NoneType' object is not subscriptable
2025-10-30 20:31:30 - ThesisRunner - INFO - 
[2/9] Testing: historical=24h, detection=12h
2025-10-30 20:37:40 - ThesisRunner - ERROR -   ✗ Configuration failed: 'NoneType' object is not subscriptable
2025-10-30 20:37:40 - ThesisRunner - INFO - 
[3/9] Testing: historical=48h, detection=12h
2025-10-30 20:42:42 - ThesisRunner - ERROR -   ✗ Configuration failed: 'NoneType' object is not subscriptable
2025-10-30 20:42:42 - ThesisRunner - INFO - 
[4/9] Testing: historical=12h, detection=24h
2025-10-30 20:47:32 - ThesisRunner - ERROR -   ✗ Configuration failed: 'NoneType' object is not subscriptable
2025-10-30 20:47:32 - ThesisRunner - INFO - 
[5/9] Testing: historical=24h, detection=24h
2025-10-30 20:52:23 - ThesisRunner - ERROR -   ✗ Configuration failed: 'NoneType' object is not subscriptable
2025-10-30 20:52:23 - ThesisRunner - INFO - 
[6/9] Testing: historical=48h, detection=24h
2025-10-30 20:57:20 - ThesisRunner - ERROR -   ✗ Configuration failed: 'NoneType' object is not subscriptable
2025-10-30 20:57:20 - ThesisRunner - INFO - 
[7/9] Testing: historical=12h, detection=48h
2025-10-30 21:02:36 - ThesisRunner - ERROR -   ✗ Configuration failed: 'NoneType' object is not subscriptable
2025-10-30 21:02:36 - ThesisRunner - INFO - 
[8/9] Testing: historical=24h, detection=48h
2025-10-30 21:07:51 - ThesisRunner - ERROR -   ✗ Configuration failed: 'NoneType' object is not subscriptable
2025-10-30 21:07:51 - ThesisRunner - INFO - 
[9/9] Testing: historical=48h, detection=48h
2025-10-30 21:13:00 - ThesisRunner - ERROR -   ✗ Configuration failed: 'NoneType' object is not subscriptable
2025-10-30 21:13:00 - ThesisRunner - INFO - 
✓ Window optimization completed
2025-10-30 21:13:00 - ThesisRunner - INFO - ✓ Results saved to thesis_results/window_optimization_results.csv
